[2025-09-07 16:46:36] ============================================================
[2025-09-07 16:46:36] 开始安全批量JSON转语音处理
[2025-09-07 16:46:36] 输入目录: questions-json
[2025-09-07 16:46:36] 输出目录: questions-audio
[2025-09-07 16:46:36] 批次大小范围: (3, 5)
[2025-09-07 16:46:36] 间隔时间范围: 5-15 分钟
[2025-09-07 16:46:36] 跳过已存在音频: 关闭
[2025-09-07 16:46:36] ============================================================
[2025-09-07 16:46:36] 总共发现 178 个JSON文件
[2025-09-07 16:46:36] 已处理 0 个文件
[2025-09-07 16:46:36] 
--- 批次 1 ---
[2025-09-07 16:46:36] 处理文件 1-4 / 178
[2025-09-07 16:47:20] ✓ 文件 API 接口权限控制及常见权限设计方案.json 处理完成
[2025-09-07 16:48:03] ✓ 文件 CSRF 攻击的原理是什么？如何通过 Token 机制防御 CSRF 攻击？.json 处理完成
[2025-09-07 16:48:49] ✓ 文件 ETag 与 Last-Modified 的区别是什么？如何选择合适的缓存验证方式？.json 处理完成
[2025-09-07 16:49:27] ✓ 文件 GET 与 POST 请求的本质区别是什么？为何 POST 更适合提交敏感数据？.json 处理完成
[2025-09-07 16:49:27] 批次完成: 4/4 成功
[2025-09-07 16:49:27] 等待 8.0 分钟后处理下一批次...
[2025-09-07 16:49:27] 预计完成时间: 2025-09-07 22:35:16
[2025-09-07 16:49:27] 剩余等待时间: 7 分钟
[2025-09-07 16:50:27] 剩余等待时间: 6 分钟
[2025-09-07 16:51:27] 剩余等待时间: 5 分钟
[2025-09-07 16:52:27] 剩余等待时间: 4 分钟
[2025-09-07 16:53:27] 剩余等待时间: 3 分钟
[2025-09-07 16:54:27] 剩余等待时间: 2 分钟
[2025-09-07 16:55:27] 剩余等待时间: 1 分钟
[2025-09-07 16:57:24] 
--- 批次 2 ---
[2025-09-07 16:57:24] 处理文件 5-7 / 178
[2025-09-07 16:57:55] ✓ 文件 HTTP_2 的多路复用与 HTTP_1.1 的长连接有何不同？.json 处理完成
[2025-09-07 16:58:22] ✓ 文件 JavaScript 中的作用域链机制及变量访问控制.json 处理完成
[2025-09-07 16:59:04] ✓ 文件 JavaScript 事件循环机制详解.json 处理完成
[2025-09-07 16:59:04] 批次完成: 3/3 成功
[2025-09-07 16:59:04] 等待 6.0 分钟后处理下一批次...
[2025-09-07 16:59:04] 预计完成时间: 2025-09-07 22:42:58
[2025-09-07 16:59:04] 剩余等待时间: 6 分钟
[2025-09-07 17:00:04] 剩余等待时间: 5 分钟
[2025-09-07 17:01:04] 剩余等待时间: 4 分钟
[2025-09-07 17:02:04] 剩余等待时间: 3 分钟
[2025-09-07 17:03:04] 剩余等待时间: 2 分钟
[2025-09-07 17:04:04] 剩余等待时间: 1 分钟
[2025-09-07 17:05:06] 
--- 批次 3 ---
[2025-09-07 17:05:06] 处理文件 8-10 / 178
[2025-09-07 17:06:02] ✓ 文件 JavaScript 的类型转换规则及避免隐式类型转换问题的方法.json 处理完成
[2025-09-07 17:06:35] ✓ 文件 Nuxt.js 的 SSR_SSG 有何作用？与传统 SPA 相比有何优缺点？.json 处理完成
[2025-09-07 17:07:08] ✓ 文件 Promise 的三种状态是什么？如何实现 Promise.all、Promise.race 和 Promise.allSettled？.json 处理完成
[2025-09-07 17:07:08] 批次完成: 3/3 成功
[2025-09-07 17:07:08] 等待 7.6 分钟后处理下一批次...
[2025-09-07 17:07:08] 预计完成时间: 2025-09-08 00:11:48
[2025-09-07 17:07:08] 剩余等待时间: 7 分钟
[2025-09-07 17:08:08] 剩余等待时间: 6 分钟
[2025-09-07 17:09:08] 剩余等待时间: 5 分钟
[2025-09-07 17:10:08] 剩余等待时间: 4 分钟
[2025-09-07 17:11:08] 剩余等待时间: 3 分钟
[2025-09-07 17:12:08] 剩余等待时间: 2 分钟
[2025-09-07 17:13:08] 剩余等待时间: 1 分钟
[2025-09-07 17:14:43] 
--- 批次 4 ---
[2025-09-07 17:14:43] 处理文件 11-13 / 178
[2025-09-07 17:15:12] ✓ 文件 Provide_Inject 的作用是什么？与 Props 相比有何优缺点？.json 处理完成
[2025-09-07 17:15:45] ✓ 文件 React render 方法原理及触发机制.json 处理完成
[2025-09-07 17:16:37] ✓ 文件 React 中如何通过自定义 Hook 实现观察者模式？举例说明组件间通信场景。.json 处理完成
[2025-09-07 17:16:37] 批次完成: 3/3 成功
[2025-09-07 17:16:37] 等待 13.9 分钟后处理下一批次...
[2025-09-07 17:16:37] 预计完成时间: 2025-09-08 06:00:12
[2025-09-07 17:16:37] 剩余等待时间: 13 分钟
[2025-09-07 17:17:37] 剩余等待时间: 12 分钟
[2025-09-07 17:18:37] 剩余等待时间: 11 分钟
[2025-09-07 17:19:37] 剩余等待时间: 10 分钟
[2025-09-07 17:20:37] 剩余等待时间: 9 分钟
[2025-09-07 17:21:37] 剩余等待时间: 8 分钟
[2025-09-07 17:22:37] 剩余等待时间: 7 分钟
[2025-09-07 17:23:37] 剩余等待时间: 6 分钟
[2025-09-07 17:24:37] 剩余等待时间: 5 分钟
[2025-09-07 17:25:37] 剩余等待时间: 4 分钟
[2025-09-07 17:26:37] 剩余等待时间: 3 分钟
[2025-09-07 17:27:37] 剩余等待时间: 2 分钟
[2025-09-07 17:28:37] 剩余等待时间: 1 分钟
[2025-09-07 17:30:30] 
--- 批次 5 ---
[2025-09-07 17:30:30] 处理文件 14-16 / 178
[2025-09-07 17:31:36] ✓ 文件 React 中如何通过装饰器模式增强组件功能？对比 HOC 与 Hook 的实现差异。.json 处理完成
[2025-09-07 17:32:01] ✓ 文件 React中的key有什么作用？.json 处理完成
[2025-09-07 17:32:37] ✓ 文件 React事件绑定的方式有哪些？区别？.json 处理完成
[2025-09-07 17:32:37] 批次完成: 3/3 成功
[2025-09-07 17:32:37] 等待 12.4 分钟后处理下一批次...
[2025-09-07 17:32:37] 预计完成时间: 2025-09-08 04:44:01
[2025-09-07 17:32:37] 剩余等待时间: 12 分钟
[2025-09-07 17:33:37] 剩余等待时间: 11 分钟
[2025-09-07 17:34:37] 剩余等待时间: 10 分钟
[2025-09-07 17:35:37] 剩余等待时间: 9 分钟
[2025-09-07 17:36:37] 剩余等待时间: 8 分钟
[2025-09-07 17:37:37] 剩余等待时间: 7 分钟
[2025-09-07 17:38:37] 剩余等待时间: 6 分钟
[2025-09-07 17:39:37] 剩余等待时间: 5 分钟
[2025-09-07 17:40:37] 剩余等待时间: 4 分钟
[2025-09-07 17:41:37] 剩余等待时间: 3 分钟
[2025-09-07 17:42:37] 剩余等待时间: 2 分钟
[2025-09-07 17:43:37] 剩余等待时间: 1 分钟
[2025-09-07 17:45:03] 
--- 批次 6 ---
[2025-09-07 17:45:03] 处理文件 17-19 / 178
[2025-09-07 17:45:28] ✓ 文件 Teleport 组件如何解决样式穿透问题？请写出 CSS 样式的解决方案。.json 处理完成
[2025-09-07 17:46:16] ✓ 文件 Vite 相比 Webpack 的优势是什么？如何配置 Vite 进行项目构建？.json 处理完成
[2025-09-07 17:46:44] ✓ 文件 Vue DevTools 的性能面板如何分析组件渲染耗时？.json 处理完成
[2025-09-07 17:46:44] 批次完成: 3/3 成功
[2025-09-07 17:46:44] 等待 14.3 分钟后处理下一批次...
[2025-09-07 17:46:44] 预计完成时间: 2025-09-08 06:26:24
[2025-09-07 17:46:44] 剩余等待时间: 14 分钟
[2025-09-07 17:47:44] 剩余等待时间: 13 分钟
[2025-09-07 17:48:44] 剩余等待时间: 12 分钟
[2025-09-07 17:49:44] 剩余等待时间: 11 分钟
[2025-09-07 17:50:44] 剩余等待时间: 10 分钟
[2025-09-07 17:51:44] 剩余等待时间: 9 分钟
[2025-09-07 17:52:44] 剩余等待时间: 8 分钟
[2025-09-07 17:53:44] 剩余等待时间: 7 分钟
[2025-09-07 17:54:44] 剩余等待时间: 6 分钟
[2025-09-07 17:55:44] 剩余等待时间: 5 分钟
[2025-09-07 17:56:41] 扫描完成，发现 76 个已存在的音频文件，对应的 19 个音频键
[2025-09-07 17:56:41] ============================================================
[2025-09-07 17:56:41] 开始安全批量JSON转语音处理
[2025-09-07 17:56:41] 输入目录: questions-json
[2025-09-07 17:56:41] 输出目录: questions-audio
[2025-09-07 17:56:41] 批次大小范围: (3, 5)
[2025-09-07 17:56:41] 间隔时间范围: 5-15 分钟
[2025-09-07 17:56:41] 跳过已存在音频: 开启 (已发现 19 个已存在的音频键)
[2025-09-07 17:56:41] ============================================================
[2025-09-07 17:56:41] 总共发现 178 个JSON文件
[2025-09-07 17:56:41] 预计可跳过: 19 个文件
[2025-09-07 17:56:41] 待处理文件: 159 个
[2025-09-07 17:56:41] 已处理 19 个文件
[2025-09-07 17:56:41] 
--- 批次 7 ---
[2025-09-07 17:56:41] 处理文件 20-22 / 178
[2025-09-07 17:57:06] ✓ 文件 Vue Router 的导航守卫有哪些？如何实现路由权限控制？.json 处理完成
[2025-09-07 17:57:34] ✓ 文件 Vue 中 Fragment 与 template 的区别及最佳实践.json 处理完成
[2025-09-07 17:57:52] ✓ 文件 Vue 中 ref 和 reactive 的区别及使用场景.json 处理完成
[2025-09-07 17:57:52] 批次完成: 3/3 成功
[2025-09-07 17:57:52] 等待 12.0 分钟后处理下一批次...
[2025-09-07 17:57:52] 预计完成时间: 2025-09-08 04:21:00
[2025-09-07 17:57:52] 剩余等待时间: 11 分钟
[2025-09-07 17:58:52] 剩余等待时间: 10 分钟
[2025-09-07 17:59:52] 剩余等待时间: 9 分钟
[2025-09-07 18:00:52] 剩余等待时间: 8 分钟
[2025-09-07 18:01:52] 剩余等待时间: 7 分钟
[2025-09-07 18:02:52] 剩余等待时间: 6 分钟
[2025-09-07 18:03:52] 剩余等待时间: 5 分钟
[2025-09-07 18:04:52] 剩余等待时间: 4 分钟
[2025-09-07 18:05:52] 剩余等待时间: 3 分钟
[2025-09-07 18:06:52] 剩余等待时间: 2 分钟
[2025-09-07 18:07:52] 剩余等待时间: 1 分钟
[2025-09-07 18:09:51] 
--- 批次 8 ---
[2025-09-07 18:09:51] 处理文件 23-26 / 178
[2025-09-07 18:10:18] ✓ 文件 Vue 中捕获组件错误及全局错误处理.json 处理完成
[2025-09-07 18:10:46] ✓ 文件 Vue 中观察者模式与发布订阅模式的比较.json 处理完成
[2025-09-07 18:11:06] ✓ 文件 Vue 中观察者模式与发布订阅模式的比较与实现 (1).json 处理完成
[2025-09-07 18:11:26] ✓ 文件 Vue 中观察者模式与发布订阅模式的比较与实现.json 处理完成
[2025-09-07 18:11:26] 批次完成: 4/4 成功
[2025-09-07 18:11:26] 等待 10.9 分钟后处理下一批次...
[2025-09-07 18:11:26] 预计完成时间: 2025-09-08 01:05:00
[2025-09-07 18:11:26] 剩余等待时间: 10 分钟
[2025-09-07 18:12:26] 剩余等待时间: 9 分钟
[2025-09-07 18:13:26] 剩余等待时间: 8 分钟
[2025-09-07 18:14:26] 剩余等待时间: 7 分钟
[2025-09-07 18:15:26] 剩余等待时间: 6 分钟
[2025-09-07 18:16:26] 剩余等待时间: 5 分钟
[2025-09-07 18:17:26] 剩余等待时间: 4 分钟
[2025-09-07 18:18:26] 剩余等待时间: 3 分钟
[2025-09-07 18:19:26] 剩余等待时间: 2 分钟
[2025-09-07 18:20:26] 剩余等待时间: 1 分钟
[2025-09-07 18:22:19] 
--- 批次 9 ---
[2025-09-07 18:22:19] 处理文件 27-30 / 178
[2025-09-07 18:22:48] ✓ 文件 Vue 和 React 的生命周期钩子如何体现模板方法模式？请对比两者的设计差异。 (1).json 处理完成
[2025-09-07 18:23:26] ✓ 文件 Vue 和 React 的生命周期钩子如何体现模板方法模式？请对比两者的设计差异。.json 处理完成
[2025-09-07 18:23:43] ✓ 文件 Vue3 中如何定义组件的 Props.json 处理完成
[2025-09-07 18:24:17] ✓ 文件 Vue3 的响应式系统为何使用 Proxy 替代 Object.defineProperty？ (1).json 处理完成
[2025-09-07 18:24:17] 批次完成: 4/4 成功
[2025-09-07 18:24:17] 等待 11.4 分钟后处理下一批次...
[2025-09-07 18:24:17] 预计完成时间: 2025-09-08 01:27:19
[2025-09-07 18:24:17] 剩余等待时间: 11 分钟
[2025-09-07 18:25:17] 剩余等待时间: 10 分钟
[2025-09-07 18:26:17] 剩余等待时间: 9 分钟
[2025-09-07 18:27:17] 剩余等待时间: 8 分钟
[2025-09-07 18:28:17] 剩余等待时间: 7 分钟
[2025-09-07 18:29:17] 剩余等待时间: 6 分钟
[2025-09-07 18:30:17] 剩余等待时间: 5 分钟
[2025-09-07 18:31:17] 剩余等待时间: 4 分钟
[2025-09-07 18:32:17] 剩余等待时间: 3 分钟
[2025-09-07 18:33:17] 剩余等待时间: 2 分钟
[2025-09-07 18:34:17] 剩余等待时间: 1 分钟
[2025-09-07 18:35:43] 
--- 批次 10 ---
[2025-09-07 18:35:43] 处理文件 31-35 / 178
[2025-09-07 18:36:15] ✓ 文件 Vue3 的响应式系统为何使用 Proxy 替代 Object.defineProperty？.json 处理完成
[2025-09-07 18:36:39] ✓ 文件 Vue3 的响应式系统如何处理数组和对象的新增 _ 删除属性？.json 处理完成
[2025-09-07 18:37:16] ✓ 文件 Vuex 和 Redux 的 Store 如何体现单例模式？请分析其线程安全机制。.json 处理完成
[2025-09-07 18:37:48] ✓ 文件 Vuex 的 actions 如何体现命令模式？请分析其异步操作的封装逻辑。用命令模式实现一个撤销 _ 重做功能，支持表单操作的历史记录管理。.json 处理完成
[2025-09-07 18:38:25] ✓ 文件 async_await 的底层实现原理是什么？如何处理 async 函数中的错误？.json 处理完成
[2025-09-07 18:38:25] 批次完成: 5/5 成功
[2025-09-07 18:38:25] 等待 7.8 分钟后处理下一批次...
[2025-09-07 18:38:25] 预计完成时间: 2025-09-07 22:22:27
[2025-09-07 18:38:25] 剩余等待时间: 7 分钟
[2025-09-07 18:39:25] 剩余等待时间: 6 分钟
[2025-09-07 18:40:25] 剩余等待时间: 5 分钟
[2025-09-07 18:41:25] 剩余等待时间: 4 分钟
[2025-09-07 18:42:25] 剩余等待时间: 3 分钟
[2025-09-07 18:43:25] 剩余等待时间: 2 分钟
[2025-09-07 18:44:25] 剩余等待时间: 1 分钟
[2025-09-07 18:46:15] 
--- 批次 11 ---
[2025-09-07 18:46:15] 处理文件 36-39 / 178
[2025-09-07 18:46:49] ✓ 文件 computed 属性的两种写法（函数式与对象式）有何不同？.json 处理完成
[2025-09-07 18:47:15] ✓ 文件 react中state 和 props有什么区别？.json 处理完成
[2025-09-07 18:47:42] ✓ 文件 setup 函数的执行顺序和作用是什么？与生命周期钩子如何配合？.json 处理完成
[2025-09-07 18:48:08] ✓ 文件 v-if 和 v-show 的区别是什么？在什么场景下选择使用？.json 处理完成
[2025-09-07 18:48:08] 批次完成: 4/4 成功
[2025-09-07 18:48:08] 等待 10.1 分钟后处理下一批次...
[2025-09-07 18:48:08] 预计完成时间: 2025-09-08 00:39:42
[2025-09-07 18:48:08] 剩余等待时间: 10 分钟
[2025-09-07 18:49:08] 剩余等待时间: 9 分钟
[2025-09-07 18:50:08] 剩余等待时间: 8 分钟
[2025-09-07 18:51:08] 剩余等待时间: 7 分钟
[2025-09-07 18:52:08] 剩余等待时间: 6 分钟
[2025-09-07 18:53:08] 剩余等待时间: 5 分钟
[2025-09-07 18:54:08] 剩余等待时间: 4 分钟
[2025-09-07 18:55:08] 剩余等待时间: 3 分钟
[2025-09-07 18:56:08] 剩余等待时间: 2 分钟
[2025-09-07 18:57:08] 剩余等待时间: 1 分钟
[2025-09-07 18:58:15] 
--- 批次 12 ---
[2025-09-07 18:58:15] 处理文件 40-44 / 178
[2025-09-07 18:58:38] ✓ 文件 vue3中Suspense 组件的作用是什么？如何结合异步组件实现加载状态管理？.json 处理完成
[2025-09-07 18:58:59] ✓ 文件 vue3中toRef 和 toRefs 的作用是什么？在解构响应式对象时如何保持响应性？.json 处理完成
[2025-09-07 18:59:27] ✓ 文件 vue3如何实现路由的动态加载？请写出 Webpack 魔法注释的示例。.json 处理完成
[2025-09-07 19:00:08] ✓ 文件 watch 和 watchEffect 的区别是什么？在什么场景下选择使用？.json 处理完成
[2025-09-07 19:00:45] ✓ 文件 中间人攻击（MITM）如何劫持 HTTPS 通信？现代浏览器如何防御？.json 处理完成
[2025-09-07 19:00:45] 批次完成: 5/5 成功
[2025-09-07 19:00:45] 等待 13.5 分钟后处理下一批次...
[2025-09-07 19:00:45] 预计完成时间: 2025-09-08 01:03:27
[2025-09-07 19:00:45] 剩余等待时间: 13 分钟
[2025-09-07 20:40:32] 扫描完成，发现 176 个已存在的音频文件，对应的 44 个音频键
[2025-09-07 20:40:32] ============================================================
[2025-09-07 20:40:32] 开始安全批量JSON转语音处理
[2025-09-07 20:40:32] 输入目录: questions-json
[2025-09-07 20:40:32] 输出目录: questions-audio
[2025-09-07 20:40:32] 批次大小范围: (3, 5)
[2025-09-07 20:40:32] 间隔时间范围: 5-15 分钟
[2025-09-07 20:40:32] 跳过已存在音频: 开启 (已发现 44 个已存在的音频键)
[2025-09-07 20:40:32] ============================================================
[2025-09-07 20:40:32] 总共发现 178 个JSON文件
[2025-09-07 20:40:33] 预计可跳过: 44 个文件
[2025-09-07 20:40:33] 待处理文件: 134 个
[2025-09-07 20:40:33] 已处理 44 个文件
[2025-09-07 20:40:33] 
--- 批次 13 ---
[2025-09-07 20:40:33] 处理文件 45-49 / 178
[2025-09-07 20:40:59] ✓ 文件 事件发射器（EventEmitter）实现与解析.json 处理完成
[2025-09-07 20:41:26] ✓ 文件 什么是 CSSOM？它如何影响页面渲染性能？.json 处理完成
[2025-09-07 20:42:10] ✓ 文件 什么是 JWT（JSON Web Token）？它的认证流程和安全隐患是什么？.json 处理完成
[2025-09-07 20:42:44] ✓ 文件 什么是 OAuth 2.0？它在第三方登录中的作用是什么？.json 处理完成
[2025-09-07 20:43:11] ✓ 文件 什么是 RequestAnimationFrame？它与 setTimeout_setInterval 相比有哪些优势？.json 处理完成
[2025-09-07 20:43:11] 批次完成: 5/5 成功
[2025-09-07 20:43:11] 等待 5.9 分钟后处理下一批次...
[2025-09-07 20:43:11] 预计完成时间: 2025-09-07 23:15:24
[2025-09-07 20:43:11] 剩余等待时间: 5 分钟
[2025-09-07 20:44:11] 剩余等待时间: 4 分钟
[2025-09-07 20:45:11] 剩余等待时间: 3 分钟
[2025-09-07 20:46:11] 剩余等待时间: 2 分钟
[2025-09-07 20:47:11] 剩余等待时间: 1 分钟
[2025-09-07 20:49:05] 
--- 批次 14 ---
[2025-09-07 20:49:05] 处理文件 50-52 / 178
[2025-09-07 20:49:35] ✓ 文件 什么是 Set 和 Map？它们与普通对象 _ 数组相比有哪些优势？.json 处理完成
[2025-09-07 20:50:07] ✓ 文件 什么是 XSS 攻击？如何防范不同类型的 XSS 攻击？.json 处理完成
[2025-09-07 20:50:55] ✓ 文件 什么是内容安全策略（CSP）？如何配置 CSP 以增强网页安全性？ (1).json 处理完成
[2025-09-07 20:50:55] 批次完成: 3/3 成功
[2025-09-07 20:50:55] 等待 14.3 分钟后处理下一批次...
[2025-09-07 20:50:55] 预计完成时间: 2025-09-08 06:53:37
[2025-09-07 20:50:55] 剩余等待时间: 14 分钟
[2025-09-07 20:51:55] 剩余等待时间: 13 分钟
[2025-09-07 20:52:55] 剩余等待时间: 12 分钟
[2025-09-07 20:53:55] 剩余等待时间: 11 分钟
[2025-09-07 20:54:55] 剩余等待时间: 10 分钟
[2025-09-07 20:55:55] 剩余等待时间: 9 分钟
[2025-09-07 20:56:55] 剩余等待时间: 8 分钟
[2025-09-07 20:57:55] 剩余等待时间: 7 分钟
[2025-09-07 20:58:55] 剩余等待时间: 6 分钟
[2025-09-07 20:59:55] 剩余等待时间: 5 分钟
[2025-09-07 21:00:55] 剩余等待时间: 4 分钟
[2025-09-07 21:01:55] 剩余等待时间: 3 分钟
[2025-09-07 21:02:55] 剩余等待时间: 2 分钟
[2025-09-07 21:03:55] 剩余等待时间: 1 分钟
[2025-09-07 21:05:16] 
--- 批次 15 ---
[2025-09-07 21:05:16] 处理文件 53-56 / 178
[2025-09-07 21:05:32] ✓ 文件 什么是内容安全策略（CSP）？如何配置 CSP 以增强网页安全性？.json 处理完成
[2025-09-07 21:06:16] ✓ 文件 什么是函数柯里化？如何实现一个通用的柯里化函数？ (1).json 处理完成
[2025-09-07 21:06:53] ✓ 文件 什么是函数柯里化？如何实现一个通用的柯里化函数？.json 处理完成
[2025-09-07 21:07:19] ✓ 文件 什么是微前端架构？它解决了哪些传统前端架构的问题？.json 处理完成
[2025-09-07 21:07:19] 批次完成: 4/4 成功
[2025-09-07 21:07:19] 等待 11.5 分钟后处理下一批次...
[2025-09-07 21:07:19] 预计完成时间: 2025-09-08 02:59:05
[2025-09-07 21:07:19] 剩余等待时间: 11 分钟
[2025-09-07 21:08:19] 剩余等待时间: 10 分钟
[2025-09-07 21:09:19] 剩余等待时间: 9 分钟
[2025-09-07 21:10:19] 剩余等待时间: 8 分钟
[2025-09-07 21:11:19] 剩余等待时间: 7 分钟
[2025-09-07 21:12:19] 剩余等待时间: 6 分钟
[2025-09-07 21:13:19] 剩余等待时间: 5 分钟
[2025-09-07 21:14:19] 剩余等待时间: 4 分钟
[2025-09-07 21:15:19] 剩余等待时间: 3 分钟
[2025-09-07 21:16:19] 剩余等待时间: 2 分钟
[2025-09-07 21:17:19] 剩余等待时间: 1 分钟
[2025-09-07 21:18:51] 
--- 批次 16 ---
[2025-09-07 21:18:51] 处理文件 57-61 / 178
[2025-09-07 21:19:29] ✓ 文件 代理模式与装饰器模式的区别是什么？请结合 react 高阶组件（HOC）举例说明。.json 处理完成
[2025-09-07 21:20:05] ✓ 文件 代理模式与装饰器模式的区别是什么？请结合react高阶组件（HOC）举例说明。.json 处理完成
[2025-09-07 21:20:36] ✓ 文件 会话认证（Session）和 Token 认证的区别是什么？各自的优缺点是什么？.json 处理完成
[2025-09-07 21:21:15] ✓ 文件 原型链与多重继承.json 处理完成
[2025-09-07 21:22:04] ✓ 文件 命令模式与策略模式的区别是什么？举例说明前端中的适用场景。 (1).json 处理完成
[2025-09-07 21:22:04] 批次完成: 5/5 成功
[2025-09-07 21:22:04] 等待 8.0 分钟后处理下一批次...
[2025-09-07 21:22:04] 预计完成时间: 2025-09-08 00:30:03
[2025-09-07 21:22:04] 剩余等待时间: 8 分钟
[2025-09-07 21:23:04] 剩余等待时间: 7 分钟
[2025-09-07 21:24:04] 剩余等待时间: 6 分钟
[2025-09-07 21:25:04] 剩余等待时间: 5 分钟
[2025-09-07 21:26:04] 剩余等待时间: 4 分钟
[2025-09-07 21:27:04] 剩余等待时间: 3 分钟
[2025-09-07 21:28:04] 剩余等待时间: 2 分钟
[2025-09-07 21:29:04] 剩余等待时间: 1 分钟
[2025-09-07 21:30:06] 
--- 批次 17 ---
[2025-09-07 21:30:06] 处理文件 62-65 / 178
[2025-09-07 21:30:54] ✓ 文件 命令模式与策略模式的区别是什么？举例说明前端中的适用场景。.json 处理完成
[2025-09-07 21:31:46] ✓ 文件 在 React 中如何通过组合模式设计可嵌套的菜单组件？请对比 Props 与 Context 的实现差异。.json 处理完成
[2025-09-07 21:32:16] ✓ 文件 在react中组件间过渡动画如何实现？.json 处理完成
[2025-09-07 21:32:50] ✓ 文件 如何优化 HTTP 请求的缓存策略以减少服务器压力？列举至少 3 种方法。.json 处理完成
[2025-09-07 21:32:50] 批次完成: 4/4 成功
[2025-09-07 21:32:50] 等待 11.3 分钟后处理下一批次...
[2025-09-07 21:32:50] 预计完成时间: 2025-09-08 02:52:31
[2025-09-07 21:32:50] 剩余等待时间: 11 分钟
[2025-09-07 21:33:50] 剩余等待时间: 10 分钟
[2025-09-07 21:34:50] 剩余等待时间: 9 分钟
[2025-09-07 21:35:50] 剩余等待时间: 8 分钟
[2025-09-07 21:36:50] 剩余等待时间: 7 分钟
